test_external_503_does_not_close_archive_gate_or_adapt_archive_pacing (unit.test_v107_waiting_speed.ProbeAndOriginTests.test_external_503_does_not_close_archive_gate_or_adapt_archive_pacing) ... ok
test_live_503_waits_without_quota_pacing_penalty (unit.test_v107_waiting_speed.ProbeAndOriginTests.test_live_503_waits_without_quota_pacing_penalty) ... ok
test_probe_releases_on_valid_cdx_prefix_but_truncation_still_fails (unit.test_v107_waiting_speed.ProbeAndOriginTests.test_probe_releases_on_valid_cdx_prefix_but_truncation_still_fails) ... ok
test_repeated_external_connection_failures_do_not_become_archive_outage (unit.test_v107_waiting_speed.ProbeAndOriginTests.test_repeated_external_connection_failures_do_not_become_archive_outage) ... ok
test_replay_headers_release_probe_before_slow_body_finishes (unit.test_v107_waiting_speed.ProbeAndOriginTests.test_replay_headers_release_probe_before_slow_body_finishes) ... ok
test_due_text_retry_batch_cannot_hide_fresh_database_work (unit.test_v107_waiting_speed.SchedulingAndRecoveryTests.test_due_text_retry_batch_cannot_hide_fresh_database_work) ... ok
test_media_recovery_commits_other_completed_future_before_returning (unit.test_v107_waiting_speed.SchedulingAndRecoveryTests.test_media_recovery_commits_other_completed_future_before_returning) ... ok
test_media_recovery_preserves_user_stop_flag_and_pending_queue (unit.test_v107_waiting_speed.SchedulingAndRecoveryTests.test_media_recovery_preserves_user_stop_flag_and_pending_queue) ... ok
test_media_retry_yields_worker_to_fresh_url_and_counts_one_logical_job (unit.test_v107_waiting_speed.SchedulingAndRecoveryTests.test_media_retry_yields_worker_to_fresh_url_and_counts_one_logical_job) ... ok
test_query_specific_cdx_recovery_does_not_close_shared_archive_gate (unit.test_v107_waiting_speed.SchedulingAndRecoveryTests.test_query_specific_cdx_recovery_does_not_close_shared_archive_gate) ... ok
test_user_stop_during_media_delay_keeps_partial_and_pending (unit.test_v107_waiting_speed.SchedulingAndRecoveryTests.test_user_stop_during_media_delay_keeps_partial_and_pending) ... ok
test_active_policy_release_preserves_deadline_and_removes_slow_policy (unit.test_v107_waiting_speed.WaitingPolicyTests.test_active_policy_release_preserves_deadline_and_removes_slow_policy) ... ok
test_client_close_releases_its_policy_registration (unit.test_v107_waiting_speed.WaitingPolicyTests.test_client_close_releases_its_policy_registration) ... ok
test_closed_slow_limiter_does_not_bake_its_baseline_into_adaptation (unit.test_v107_waiting_speed.WaitingPolicyTests.test_closed_slow_limiter_does_not_bake_its_baseline_into_adaptation) ... ok
test_connection_fallback_jitter_cannot_exceed_sixty_seconds (unit.test_v107_waiting_speed.WaitingPolicyTests.test_connection_fallback_jitter_cannot_exceed_sixty_seconds) ... ok
test_duplicate_no_header_failure_keeps_original_deadline (unit.test_v107_waiting_speed.WaitingPolicyTests.test_duplicate_no_header_failure_keeps_original_deadline) ... ok
test_duplicate_without_header_does_not_overwrite_retry_after (unit.test_v107_waiting_speed.WaitingPolicyTests.test_duplicate_without_header_does_not_overwrite_retry_after) ... ok
test_failed_fresh_probes_escalate_once_per_probe_with_bounded_jitter (unit.test_v107_waiting_speed.WaitingPolicyTests.test_failed_fresh_probes_escalate_once_per_probe_with_bounded_jitter) ... ok
test_gate_wall_time_is_not_multiplied_by_workers (unit.test_v107_waiting_speed.WaitingPolicyTests.test_gate_wall_time_is_not_multiplied_by_workers) ... ok
test_index_recovers_after_small_sustained_success_sample (unit.test_v107_waiting_speed.WaitingPolicyTests.test_index_recovers_after_small_sustained_success_sample) ... ok
test_late_duplicate_keeps_probe_current_and_cannot_reopen_recovered_gate (unit.test_v107_waiting_speed.WaitingPolicyTests.test_late_duplicate_keeps_probe_current_and_cannot_reopen_recovered_gate) ... ok
test_late_zero_deadline_and_duplicate_finish_cannot_displace_next_probe (unit.test_v107_waiting_speed.WaitingPolicyTests.test_late_zero_deadline_and_duplicate_finish_cannot_displace_next_probe) ... ok
test_later_explicit_deadline_is_honored_without_shortening (unit.test_v107_waiting_speed.WaitingPolicyTests.test_later_explicit_deadline_is_honored_without_shortening) ... ok
test_limiter_waits_exact_remaining_time_without_fifty_ms_floor (unit.test_v107_waiting_speed.WaitingPolicyTests.test_limiter_waits_exact_remaining_time_without_fifty_ms_floor) ... ok
test_rapid_single_success_does_not_snap_back (unit.test_v107_waiting_speed.WaitingPolicyTests.test_rapid_single_success_does_not_snap_back) ... ok
test_retry_after_zero_is_distinct_from_missing (unit.test_v107_waiting_speed.WaitingPolicyTests.test_retry_after_zero_is_distinct_from_missing) ... ok
test_retry_delay_caps_jitter_and_preserves_explicit_server_delay (unit.test_v107_waiting_speed.WaitingPolicyTests.test_retry_delay_caps_jitter_and_preserves_explicit_server_delay) ... ok
test_shorter_pause_policy_roundtrips_without_changing_rate_floors (unit.test_v107_waiting_speed.WaitingPolicyTests.test_shorter_pause_policy_roundtrips_without_changing_rate_floors) ... ok

----------------------------------------------------------------------
Ran 28 tests in 0.187s

OK
